2026-08-13T16:24:59+00:00 INFO    [event=application.started] IPTV-API 版本: 3.0.0 (构建时间: 2026-08-07 11:45:59)
2026-08-13T16:25:00+00:00 INFO    [phase=prepare event=network.ipv6.checking] 🛜 正在检查当前网络是否支持IPv6...
2026-08-13T16:25:00+00:00 WARNING [phase=prepare event=network.ipv6.unsupported] 当前网络不支持IPv6，别担心，IPv6的结果会被保存下来
2026-08-13T16:25:00+00:00 INFO    [run=e89d622830774e5db6bf9aaff178c313 phase=prepare event=run.started] 性能模式: auto → balance，可用资源: 4.0 CPU / 15.61 GB，并发: 测速 8、媒体探测 2、源抓取 8
2026-08-13T16:25:00+00:00 INFO    [run=e89d622830774e5db6bf9aaff178c313 phase=prepare event=channels.catalog_loaded] 频道目录已加载：白名单 0，黑名单 2，台标 21
2026-08-13T16:25:00+00:00 INFO    [run=e89d622830774e5db6bf9aaff178c313 phase=fetch event=sources.subscribe.summary] 订阅源数量：2，订阅白名单数量：0，停用地址数量：0，有效总数量：2
2026-08-13T16:25:00+00:00 INFO    [run=e89d622830774e5db6bf9aaff178c313 phase=fetch event=progress.started] 正在进行获取订阅源  0/2
2026-08-13T16:25:00+00:00 INFO    [run=e89d622830774e5db6bf9aaff178c313 phase=fetch event=sources.epg.summary] EPG源数量：1，EPG白名单数量：0，停用地址数量：0，有效总数量：1
2026-08-13T16:25:00+00:00 INFO    [run=e89d622830774e5db6bf9aaff178c313 phase=fetch event=progress.started] 正在进行获取EPG源  0/1
2026-08-13T16:25:02+00:00 INFO    [run=e89d622830774e5db6bf9aaff178c313 phase=fetch event=progress.updated] 正在进行获取订阅源  1/2 (50%)  剩余 1
2026-08-13T16:25:02+00:00 INFO    [run=e89d622830774e5db6bf9aaff178c313 phase=fetch event=epg.source_parsed] EPG 源解析完成：http://e.erw.cc/e.xml.gz，保留节目 2221 条
2026-08-13T16:25:02+00:00 INFO    [run=e89d622830774e5db6bf9aaff178c313 phase=fetch event=progress.updated] 正在进行获取EPG源  1/1 (100%)  剩余 0
2026-08-13T16:25:02+00:00 INFO    [run=e89d622830774e5db6bf9aaff178c313 phase=fetch event=sources.epg.finished] EPG源: ✅ 有效地址数量：1，⛔ 停用地址数量：0
2026-08-13T16:25:02+00:00 INFO    [run=e89d622830774e5db6bf9aaff178c313 phase=fetch event=progress.finished] 正在进行获取EPG源  1/1  匹配 58 个频道
2026-08-13T16:25:05+00:00 INFO    [run=e89d622830774e5db6bf9aaff178c313 phase=fetch event=progress.updated] 正在进行获取订阅源  2/2 (100%)  剩余 0
2026-08-13T16:25:05+00:00 INFO    [run=e89d622830774e5db6bf9aaff178c313 phase=fetch event=sources.subscribe.finished] 订阅源: ✅ 有效地址数量：2，⛔ 停用地址数量：0
2026-08-13T16:25:05+00:00 INFO    [run=e89d622830774e5db6bf9aaff178c313 phase=fetch event=progress.finished] 正在进行获取订阅源  2/2  未匹配 10000
2026-08-13T16:25:11+00:00 INFO    [run=e89d622830774e5db6bf9aaff178c313 phase=aggregate event=channels.aggregated] 频道数据聚合完成：72 个频道，255 个接口（IPv4 198 / IPv6 57）
2026-08-13T16:25:11+00:00 INFO    [run=e89d622830774e5db6bf9aaff178c313 phase=speed_test event=speed_test.planned] 总接口数量: 247, 需要进行测速的接口数量: 192
2026-08-13T16:25:11+00:00 INFO    [run=e89d622830774e5db6bf9aaff178c313 phase=speed_test event=progress.started] 测速  0/192
2026-08-13T16:25:13+00:00 INFO    [run=e89d622830774e5db6bf9aaff178c313 phase=speed_test event=progress.updated] 测速  1/192 (0%)  有效 1  失败 0  CCTV-1
2026-08-13T16:25:23+00:00 INFO    [run=e89d622830774e5db6bf9aaff178c313 phase=speed_test event=progress.updated] 测速  20/192 (10%)  有效 8  失败 12  CCTV-4
2026-08-13T16:25:35+00:00 INFO    [run=e89d622830774e5db6bf9aaff178c313 phase=speed_test event=progress.updated] 测速  39/192 (20%)  有效 14  失败 25  CCTV-6
2026-08-13T16:25:43+00:00 INFO    [run=e89d622830774e5db6bf9aaff178c313 phase=speed_test event=progress.updated] 测速  58/192 (30%)  有效 19  失败 39  CCTV-10
2026-08-13T16:25:55+00:00 INFO    [run=e89d622830774e5db6bf9aaff178c313 phase=speed_test event=progress.updated] 测速  77/192 (40%)  有效 24  失败 53  CCTV-10
2026-08-13T16:26:05+00:00 INFO    [run=e89d622830774e5db6bf9aaff178c313 phase=speed_test event=progress.updated] 测速  96/192 (50%)  有效 30  失败 66  CCTV-15
2026-08-13T16:26:18+00:00 INFO    [run=e89d622830774e5db6bf9aaff178c313 phase=speed_test event=progress.updated] 测速  116/192 (60%)  有效 32  失败 84  广东卫视
2026-08-13T16:26:28+00:00 INFO    [run=e89d622830774e5db6bf9aaff178c313 phase=speed_test event=progress.updated] 测速  135/192 (70%)  有效 36  失败 99  湖南卫视
2026-08-13T16:26:35+00:00 INFO    [run=e89d622830774e5db6bf9aaff178c313 phase=speed_test event=progress.updated] 测速  154/192 (80%)  有效 38  失败 116  河南卫视
2026-08-13T16:26:48+00:00 INFO    [run=e89d622830774e5db6bf9aaff178c313 phase=speed_test event=progress.updated] 测速  173/192 (90%)  有效 41  失败 132  青海卫视
2026-08-13T16:27:04+00:00 INFO    [run=e89d622830774e5db6bf9aaff178c313 phase=speed_test event=progress.updated] 测速  192/192 (100%)  有效 44  失败 148  广州综合
2026-08-13T16:27:04+00:00 INFO    [run=e89d622830774e5db6bf9aaff178c313 phase=speed_test event=speed_test.artifacts_written] 测速明细已写入 output/log/speed_test.log，有效结果已写入 output/log/result.log
2026-08-13T16:27:04+00:00 INFO    [run=e89d622830774e5db6bf9aaff178c313 phase=speed_test event=progress.finished] 测速  192/192  有效 44  失败 148
2026-08-13T16:27:04+00:00 INFO    [run=e89d622830774e5db6bf9aaff178c313 phase=output event=output.written] 结果文件生成完成：更新 3 个文件
2026-08-13T16:27:04+00:00 INFO    [run=e89d622830774e5db6bf9aaff178c313 phase=statistics event=statistics.finished] 频道统计完成：测试 192，有效 44
2026-08-13T16:27:04+00:00 INFO    [run=e89d622830774e5db6bf9aaff178c313 phase=complete event=run.summary] 更新摘要
2026-08-13T16:27:04+00:00 INFO    [run=e89d622830774e5db6bf9aaff178c313 phase=complete event=run.finished] 更新完成！总耗时：02:04
